0 verbose cli /usr/local/bin/node /usr/local/lib/node_modules/npm/bin/npm-cli.js
1 info using npm@11.6.2
2 info using node@v24.12.0
3 silly config load:file:/usr/local/lib/node_modules/npm/npmrc
4 silly config load:file:/Users/mazhihui/Desktop/yishitong/.npmrc
5 silly config load:file:/Users/mazhihui/.npmrc
6 silly config load:file:/usr/local/etc/npmrc
7 verbose title npm exec tsx prisma/seed.ts
8 verbose argv "exec" "--" "tsx" "prisma/seed.ts"
9 verbose logfile logs-max:10 dir:/Users/mazhihui/Desktop/yishitong/.npm_cache/_logs/2026-01-21T06_11_52_215Z-
10 verbose logfile /Users/mazhihui/Desktop/yishitong/.npm_cache/_logs/2026-01-21T06_11_52_215Z-debug-0.log
11 silly logfile done cleaning log files
12 silly packumentCache heap:4496293888 maxSize:1124073472 maxEntrySize:562036736
13 http fetch GET 200 https://registry.npmjs.org/tsx 702ms (cache miss)
14 silly packumentCache heap:4496293888 maxSize:1124073472 maxEntrySize:562036736
15 silly packumentCache heap:4496293888 maxSize:1124073472 maxEntrySize:562036736
16 silly idealTree buildDeps
17 silly fetch manifest tsx@4.21.0
18 silly packumentCache full:https://registry.npmjs.org/tsx cache-miss
19 http fetch GET 200 https://registry.npmjs.org/tsx 275ms (cache miss)
20 silly packumentCache full:https://registry.npmjs.org/tsx set size:undefined disposed:false
21 silly placeDep ROOT tsx@4.21.0 OK for:  want: 4.21.0
22 silly fetch manifest esbuild@~0.27.0
23 silly packumentCache full:https://registry.npmjs.org/esbuild cache-miss
24 silly fetch manifest get-tsconfig@^4.7.5
25 silly packumentCache full:https://registry.npmjs.org/get-tsconfig cache-miss
26 silly fetch manifest fsevents@~2.3.3
27 silly packumentCache full:https://registry.npmjs.org/fsevents cache-miss
28 http cache https://registry.npmjs.org/fsevents 6ms (cache hit)
29 silly packumentCache full:https://registry.npmjs.org/fsevents set size:182472 disposed:false
30 http fetch GET 200 https://registry.npmjs.org/esbuild 521ms (cache miss)
31 silly packumentCache full:https://registry.npmjs.org/esbuild set size:undefined disposed:false
32 http fetch GET 200 https://registry.npmjs.org/get-tsconfig 1013ms (cache miss)
33 silly packumentCache full:https://registry.npmjs.org/get-tsconfig set size:undefined disposed:false
34 silly placeDep ROOT esbuild@0.27.2 OK for: tsx@4.21.0 want: ~0.27.0
35 silly placeDep ROOT fsevents@2.3.3 OK for: tsx@4.21.0 want: ~2.3.3
36 silly placeDep ROOT get-tsconfig@4.13.0 OK for: tsx@4.21.0 want: ^4.7.5
37 silly fetch manifest @esbuild/aix-ppc64@0.27.2
38 silly packumentCache full:https://registry.npmjs.org/@esbuild%2faix-ppc64 cache-miss
39 silly fetch manifest @esbuild/android-arm@0.27.2
40 silly packumentCache full:https://registry.npmjs.org/@esbuild%2fandroid-arm cache-miss
41 silly fetch manifest @esbuild/android-arm64@0.27.2
42 silly packumentCache full:https://registry.npmjs.org/@esbuild%2fandroid-arm64 cache-miss
43 silly fetch manifest @esbuild/android-x64@0.27.2
44 silly packumentCache full:https://registry.npmjs.org/@esbuild%2fandroid-x64 cache-miss
45 silly fetch manifest @esbuild/darwin-arm64@0.27.2
46 silly packumentCache full:https://registry.npmjs.org/@esbuild%2fdarwin-arm64 cache-miss
47 silly fetch manifest @esbuild/darwin-x64@0.27.2
48 silly packumentCache full:https://registry.npmjs.org/@esbuild%2fdarwin-x64 cache-miss
49 silly fetch manifest @esbuild/freebsd-arm64@0.27.2
50 silly packumentCache full:https://registry.npmjs.org/@esbuild%2ffreebsd-arm64 cache-miss
51 silly fetch manifest @esbuild/freebsd-x64@0.27.2
52 silly packumentCache full:https://registry.npmjs.org/@esbuild%2ffreebsd-x64 cache-miss
53 silly fetch manifest @esbuild/linux-arm@0.27.2
54 silly packumentCache full:https://registry.npmjs.org/@esbuild%2flinux-arm cache-miss
55 http fetch GET 200 https://registry.npmjs.org/@esbuild%2faix-ppc64 184ms (cache miss)
56 silly packumentCache full:https://registry.npmjs.org/@esbuild%2faix-ppc64 set size:undefined disposed:false
57 silly fetch manifest @esbuild/linux-arm64@0.27.2
58 silly packumentCache full:https://registry.npmjs.org/@esbuild%2flinux-arm64 cache-miss
59 http fetch GET 200 https://registry.npmjs.org/@esbuild%2fandroid-arm 303ms (cache miss)
60 silly packumentCache full:https://registry.npmjs.org/@esbuild%2fandroid-arm set size:undefined disposed:false
61 silly fetch manifest @esbuild/linux-ia32@0.27.2
62 silly packumentCache full:https://registry.npmjs.org/@esbuild%2flinux-ia32 cache-miss
63 http fetch GET 200 https://registry.npmjs.org/@esbuild%2flinux-arm64 180ms (cache miss)
64 silly packumentCache full:https://registry.npmjs.org/@esbuild%2flinux-arm64 set size:undefined disposed:false
65 silly fetch manifest @esbuild/linux-loong64@0.27.2
66 silly packumentCache full:https://registry.npmjs.org/@esbuild%2flinux-loong64 cache-miss
67 http fetch GET 200 https://registry.npmjs.org/@esbuild%2flinux-ia32 238ms (cache miss)
68 silly packumentCache full:https://registry.npmjs.org/@esbuild%2flinux-ia32 set size:undefined disposed:false
69 silly fetch manifest @esbuild/linux-mips64el@0.27.2
70 silly packumentCache full:https://registry.npmjs.org/@esbuild%2flinux-mips64el cache-miss
71 http fetch GET 200 https://registry.npmjs.org/@esbuild%2flinux-loong64 192ms (cache miss)
72 silly packumentCache full:https://registry.npmjs.org/@esbuild%2flinux-loong64 set size:undefined disposed:false
73 silly fetch manifest @esbuild/linux-ppc64@0.27.2
74 silly packumentCache full:https://registry.npmjs.org/@esbuild%2flinux-ppc64 cache-miss
75 http fetch GET 200 https://registry.npmjs.org/@esbuild%2fandroid-arm64 825ms (cache miss)
76 silly packumentCache full:https://registry.npmjs.org/@esbuild%2fandroid-arm64 set size:undefined disposed:false
77 silly fetch manifest @esbuild/linux-riscv64@0.27.2
78 silly packumentCache full:https://registry.npmjs.org/@esbuild%2flinux-riscv64 cache-miss
79 http fetch GET 200 https://registry.npmjs.org/@esbuild%2flinux-mips64el 284ms (cache miss)
80 silly packumentCache full:https://registry.npmjs.org/@esbuild%2flinux-mips64el set size:undefined disposed:false
81 silly fetch manifest @esbuild/linux-s390x@0.27.2
82 silly packumentCache full:https://registry.npmjs.org/@esbuild%2flinux-s390x cache-miss
83 http fetch GET 200 https://registry.npmjs.org/@esbuild%2flinux-ppc64 268ms (cache miss)
84 silly packumentCache full:https://registry.npmjs.org/@esbuild%2flinux-ppc64 set size:undefined disposed:false
85 silly fetch manifest @esbuild/linux-x64@0.27.2
86 silly packumentCache full:https://registry.npmjs.org/@esbuild%2flinux-x64 cache-miss
87 http fetch GET 200 https://registry.npmjs.org/@esbuild%2fdarwin-arm64 833ms (cache miss)
88 silly packumentCache full:https://registry.npmjs.org/@esbuild%2fdarwin-arm64 set size:undefined disposed:false
89 silly fetch manifest @esbuild/netbsd-arm64@0.27.2
90 silly packumentCache full:https://registry.npmjs.org/@esbuild%2fnetbsd-arm64 cache-miss
91 http fetch GET 200 https://registry.npmjs.org/@esbuild%2fdarwin-x64 834ms (cache miss)
92 silly packumentCache full:https://registry.npmjs.org/@esbuild%2fdarwin-x64 set size:undefined disposed:false
93 silly fetch manifest @esbuild/netbsd-x64@0.27.2
94 silly packumentCache full:https://registry.npmjs.org/@esbuild%2fnetbsd-x64 cache-miss
95 http fetch GET 200 https://registry.npmjs.org/@esbuild%2fandroid-x64 835ms (cache miss)
96 silly packumentCache full:https://registry.npmjs.org/@esbuild%2fandroid-x64 set size:undefined disposed:false
97 silly fetch manifest @esbuild/openbsd-arm64@0.27.2
98 silly packumentCache full:https://registry.npmjs.org/@esbuild%2fopenbsd-arm64 cache-miss
99 http fetch GET 200 https://registry.npmjs.org/@esbuild%2ffreebsd-x64 836ms (cache miss)
100 silly packumentCache full:https://registry.npmjs.org/@esbuild%2ffreebsd-x64 set size:undefined disposed:false
101 silly fetch manifest @esbuild/openbsd-x64@0.27.2
102 silly packumentCache full:https://registry.npmjs.org/@esbuild%2fopenbsd-x64 cache-miss
103 http fetch GET 200 https://registry.npmjs.org/@esbuild%2ffreebsd-arm64 837ms (cache miss)
104 silly packumentCache full:https://registry.npmjs.org/@esbuild%2ffreebsd-arm64 set size:undefined disposed:false
105 silly fetch manifest @esbuild/openharmony-arm64@0.27.2
106 silly packumentCache full:https://registry.npmjs.org/@esbuild%2fopenharmony-arm64 cache-miss
107 http fetch GET 200 https://registry.npmjs.org/@esbuild%2flinux-arm 840ms (cache miss)
108 silly packumentCache full:https://registry.npmjs.org/@esbuild%2flinux-arm set size:undefined disposed:false
109 silly fetch manifest @esbuild/sunos-x64@0.27.2
110 silly packumentCache full:https://registry.npmjs.org/@esbuild%2fsunos-x64 cache-miss
111 http fetch GET 200 https://registry.npmjs.org/@esbuild%2fnetbsd-arm64 191ms (cache miss)
112 silly packumentCache full:https://registry.npmjs.org/@esbuild%2fnetbsd-arm64 set size:undefined disposed:false
113 silly fetch manifest @esbuild/win32-arm64@0.27.2
114 silly packumentCache full:https://registry.npmjs.org/@esbuild%2fwin32-arm64 cache-miss
115 http fetch GET 200 https://registry.npmjs.org/@esbuild%2flinux-riscv64 204ms (cache miss)
116 silly packumentCache full:https://registry.npmjs.org/@esbuild%2flinux-riscv64 set size:undefined disposed:false
117 silly fetch manifest @esbuild/win32-ia32@0.27.2
118 silly packumentCache full:https://registry.npmjs.org/@esbuild%2fwin32-ia32 cache-miss
119 http fetch GET 200 https://registry.npmjs.org/@esbuild%2fopenharmony-arm64 196ms (cache miss)
120 silly packumentCache full:https://registry.npmjs.org/@esbuild%2fopenharmony-arm64 set size:undefined disposed:false
121 silly fetch manifest @esbuild/win32-x64@0.27.2
122 silly packumentCache full:https://registry.npmjs.org/@esbuild%2fwin32-x64 cache-miss
123 http fetch GET 200 https://registry.npmjs.org/@esbuild%2fopenbsd-arm64 210ms (cache miss)
124 silly packumentCache full:https://registry.npmjs.org/@esbuild%2fopenbsd-arm64 set size:undefined disposed:false
125 silly fetch manifest resolve-pkg-maps@^1.0.0
126 silly packumentCache full:https://registry.npmjs.org/resolve-pkg-maps cache-miss
127 http fetch GET 200 https://registry.npmjs.org/@esbuild%2flinux-x64 228ms (cache miss)
128 silly packumentCache full:https://registry.npmjs.org/@esbuild%2flinux-x64 set size:undefined disposed:false
129 http fetch GET 200 https://registry.npmjs.org/@esbuild%2fopenbsd-x64 233ms (cache miss)
130 silly packumentCache full:https://registry.npmjs.org/@esbuild%2fopenbsd-x64 set size:undefined disposed:false
131 http fetch GET 200 https://registry.npmjs.org/@esbuild%2fnetbsd-x64 240ms (cache miss)
132 silly packumentCache full:https://registry.npmjs.org/@esbuild%2fnetbsd-x64 set size:undefined disposed:false
133 http fetch GET 200 https://registry.npmjs.org/@esbuild%2flinux-s390x 248ms (cache miss)
134 silly packumentCache full:https://registry.npmjs.org/@esbuild%2flinux-s390x set size:undefined disposed:false
135 http fetch GET 200 https://registry.npmjs.org/@esbuild%2fsunos-x64 275ms (cache miss)
136 silly packumentCache full:https://registry.npmjs.org/@esbuild%2fsunos-x64 set size:undefined disposed:false
137 http fetch GET 200 https://registry.npmjs.org/resolve-pkg-maps 161ms (cache miss)
138 silly packumentCache full:https://registry.npmjs.org/resolve-pkg-maps set size:undefined disposed:false
139 http fetch GET 200 https://registry.npmjs.org/@esbuild%2fwin32-ia32 185ms (cache miss)
140 silly packumentCache full:https://registry.npmjs.org/@esbuild%2fwin32-ia32 set size:undefined disposed:false
141 http fetch GET 200 https://registry.npmjs.org/@esbuild%2fwin32-arm64 319ms (cache miss)
142 silly packumentCache full:https://registry.npmjs.org/@esbuild%2fwin32-arm64 set size:undefined disposed:false
143 http fetch GET 200 https://registry.npmjs.org/@esbuild%2fwin32-x64 309ms (cache miss)
144 silly packumentCache full:https://registry.npmjs.org/@esbuild%2fwin32-x64 set size:undefined disposed:false
145 silly placeDep ROOT @esbuild/aix-ppc64@0.27.2 OK for: esbuild@0.27.2 want: 0.27.2
146 silly placeDep ROOT @esbuild/android-arm@0.27.2 OK for: esbuild@0.27.2 want: 0.27.2
147 silly placeDep ROOT @esbuild/android-arm64@0.27.2 OK for: esbuild@0.27.2 want: 0.27.2
148 silly placeDep ROOT @esbuild/android-x64@0.27.2 OK for: esbuild@0.27.2 want: 0.27.2
149 silly placeDep ROOT @esbuild/darwin-arm64@0.27.2 OK for: esbuild@0.27.2 want: 0.27.2
150 silly placeDep ROOT @esbuild/darwin-x64@0.27.2 OK for: esbuild@0.27.2 want: 0.27.2
151 silly placeDep ROOT @esbuild/freebsd-arm64@0.27.2 OK for: esbuild@0.27.2 want: 0.27.2
152 silly placeDep ROOT @esbuild/freebsd-x64@0.27.2 OK for: esbuild@0.27.2 want: 0.27.2
153 silly placeDep ROOT @esbuild/linux-arm@0.27.2 OK for: esbuild@0.27.2 want: 0.27.2
154 silly placeDep ROOT @esbuild/linux-arm64@0.27.2 OK for: esbuild@0.27.2 want: 0.27.2
155 silly placeDep ROOT @esbuild/linux-ia32@0.27.2 OK for: esbuild@0.27.2 want: 0.27.2
156 silly placeDep ROOT @esbuild/linux-loong64@0.27.2 OK for: esbuild@0.27.2 want: 0.27.2
157 silly placeDep ROOT @esbuild/linux-mips64el@0.27.2 OK for: esbuild@0.27.2 want: 0.27.2
158 silly placeDep ROOT @esbuild/linux-ppc64@0.27.2 OK for: esbuild@0.27.2 want: 0.27.2
159 silly placeDep ROOT @esbuild/linux-riscv64@0.27.2 OK for: esbuild@0.27.2 want: 0.27.2
160 silly placeDep ROOT @esbuild/linux-s390x@0.27.2 OK for: esbuild@0.27.2 want: 0.27.2
161 silly placeDep ROOT @esbuild/linux-x64@0.27.2 OK for: esbuild@0.27.2 want: 0.27.2
162 silly placeDep ROOT @esbuild/netbsd-arm64@0.27.2 OK for: esbuild@0.27.2 want: 0.27.2
163 silly placeDep ROOT @esbuild/netbsd-x64@0.27.2 OK for: esbuild@0.27.2 want: 0.27.2
164 silly placeDep ROOT @esbuild/openbsd-arm64@0.27.2 OK for: esbuild@0.27.2 want: 0.27.2
165 silly placeDep ROOT @esbuild/openbsd-x64@0.27.2 OK for: esbuild@0.27.2 want: 0.27.2
166 silly placeDep ROOT @esbuild/openharmony-arm64@0.27.2 OK for: esbuild@0.27.2 want: 0.27.2
167 silly placeDep ROOT @esbuild/sunos-x64@0.27.2 OK for: esbuild@0.27.2 want: 0.27.2
168 silly placeDep ROOT @esbuild/win32-arm64@0.27.2 OK for: esbuild@0.27.2 want: 0.27.2
169 silly placeDep ROOT @esbuild/win32-ia32@0.27.2 OK for: esbuild@0.27.2 want: 0.27.2
170 silly placeDep ROOT @esbuild/win32-x64@0.27.2 OK for: esbuild@0.27.2 want: 0.27.2
171 silly placeDep ROOT resolve-pkg-maps@1.0.0 OK for: get-tsconfig@4.13.0 want: ^1.0.0
172 silly reify moves {}
173 silly audit bulk request {
173 silly audit   tsx: [ '4.21.0' ],
173 silly audit   esbuild: [ '0.27.2' ],
173 silly audit   fsevents: [ '2.3.3' ],
173 silly audit   'get-tsconfig': [ '4.13.0' ],
173 silly audit   '@esbuild/aix-ppc64': [ '0.27.2' ],
173 silly audit   '@esbuild/android-arm': [ '0.27.2' ],
173 silly audit   '@esbuild/android-arm64': [ '0.27.2' ],
173 silly audit   '@esbuild/android-x64': [ '0.27.2' ],
173 silly audit   '@esbuild/darwin-arm64': [ '0.27.2' ],
173 silly audit   '@esbuild/darwin-x64': [ '0.27.2' ],
173 silly audit   '@esbuild/freebsd-arm64': [ '0.27.2' ],
173 silly audit   '@esbuild/freebsd-x64': [ '0.27.2' ],
173 silly audit   '@esbuild/linux-arm': [ '0.27.2' ],
173 silly audit   '@esbuild/linux-arm64': [ '0.27.2' ],
173 silly audit   '@esbuild/linux-ia32': [ '0.27.2' ],
173 silly audit   '@esbuild/linux-loong64': [ '0.27.2' ],
173 silly audit   '@esbuild/linux-mips64el': [ '0.27.2' ],
173 silly audit   '@esbuild/linux-ppc64': [ '0.27.2' ],
173 silly audit   '@esbuild/linux-riscv64': [ '0.27.2' ],
173 silly audit   '@esbuild/linux-s390x': [ '0.27.2' ],
173 silly audit   '@esbuild/linux-x64': [ '0.27.2' ],
173 silly audit   '@esbuild/netbsd-arm64': [ '0.27.2' ],
173 silly audit   '@esbuild/netbsd-x64': [ '0.27.2' ],
173 silly audit   '@esbuild/openbsd-arm64': [ '0.27.2' ],
173 silly audit   '@esbuild/openbsd-x64': [ '0.27.2' ],
173 silly audit   '@esbuild/openharmony-arm64': [ '0.27.2' ],
173 silly audit   '@esbuild/sunos-x64': [ '0.27.2' ],
173 silly audit   '@esbuild/win32-arm64': [ '0.27.2' ],
173 silly audit   '@esbuild/win32-ia32': [ '0.27.2' ],
173 silly audit   '@esbuild/win32-x64': [ '0.27.2' ],
173 silly audit   'resolve-pkg-maps': [ '1.0.0' ]
173 silly audit }
174 http cache resolve-pkg-maps@https://registry.npmjs.org/resolve-pkg-maps/-/resolve-pkg-maps-1.0.0.tgz 0ms (cache hit)
175 http cache get-tsconfig@https://registry.npmjs.org/get-tsconfig/-/get-tsconfig-4.13.0.tgz 0ms (cache hit)
176 http cache @esbuild/darwin-arm64@https://registry.npmjs.org/@esbuild/darwin-arm64/-/darwin-arm64-0.27.2.tgz 0ms (cache hit)
177 http cache tsx@https://registry.npmjs.org/tsx/-/tsx-4.21.0.tgz 0ms (cache hit)
178 http cache esbuild@https://registry.npmjs.org/esbuild/-/esbuild-0.27.2.tgz 0ms (cache hit)
179 silly tarball no local data for resolve-pkg-maps@https://registry.npmjs.org/resolve-pkg-maps/-/resolve-pkg-maps-1.0.0.tgz. Extracting by manifest.
180 silly tarball no local data for get-tsconfig@https://registry.npmjs.org/get-tsconfig/-/get-tsconfig-4.13.0.tgz. Extracting by manifest.
181 silly tarball no local data for @esbuild/darwin-arm64@https://registry.npmjs.org/@esbuild/darwin-arm64/-/darwin-arm64-0.27.2.tgz. Extracting by manifest.
182 silly tarball no local data for tsx@https://registry.npmjs.org/tsx/-/tsx-4.21.0.tgz. Extracting by manifest.
183 silly tarball no local data for esbuild@https://registry.npmjs.org/esbuild/-/esbuild-0.27.2.tgz. Extracting by manifest.
184 http cache fsevents@https://registry.npmjs.org/fsevents/-/fsevents-2.3.3.tgz 0ms (cache hit)
185 http fetch GET 200 https://registry.npmjs.org/resolve-pkg-maps/-/resolve-pkg-maps-1.0.0.tgz 188ms (cache miss)
186 http fetch GET 200 https://registry.npmjs.org/esbuild/-/esbuild-0.27.2.tgz 269ms (cache miss)
187 http fetch GET 200 https://registry.npmjs.org/get-tsconfig/-/get-tsconfig-4.13.0.tgz 279ms (cache miss)
188 http fetch POST 200 https://registry.npmjs.org/-/npm/v1/security/advisories/bulk 310ms
189 silly audit report {}
190 http fetch GET 200 https://registry.npmjs.org/tsx/-/tsx-4.21.0.tgz 337ms (cache miss)
191 http fetch GET 200 https://registry.npmjs.org/@esbuild/darwin-arm64/-/darwin-arm64-0.27.2.tgz 1071ms (cache miss)
192 info run fsevents@2.3.3 install node_modules/fsevents node-gyp rebuild
193 info run fsevents@2.3.3 install { code: 1, signal: null }
194 verbose reify failed optional dependency /Users/mazhihui/Desktop/yishitong/.npm_cache/_npx/fd45a72a545557e9/node_modules/fsevents
195 silly reify mark deleted [
195 silly reify   '/Users/mazhihui/Desktop/yishitong/.npm_cache/_npx/fd45a72a545557e9/node_modules/fsevents'
195 silly reify ]
196 info run esbuild@0.27.2 postinstall node_modules/esbuild node install.js
197 info run esbuild@0.27.2 postinstall { code: 0, signal: null }
198 verbose cwd /Users/mazhihui/Desktop/yishitong
199 verbose os Darwin 25.3.0
200 verbose node v24.12.0
201 verbose npm  v11.6.2
202 verbose exit 0
203 info ok
