0 verbose cli /usr/local/bin/node /usr/local/bin/npm
1 info using npm@11.6.2
2 info using node@v24.12.0
3 silly config load:file:/usr/local/lib/node_modules/npm/npmrc
4 silly config load:file:/Users/mazhihui/Desktop/yishitong/.npmrc
5 silly config load:file:/Users/mazhihui/.npmrc
6 silly config load:file:/usr/local/etc/npmrc
7 verbose title npm install clsx tailwind-merge class-variance-authority lucide-react
8 verbose argv "install" "clsx" "tailwind-merge" "class-variance-authority" "lucide-react"
9 verbose logfile logs-max:10 dir:/Users/mazhihui/Desktop/yishitong/.npm_cache/_logs/2026-01-21T05_44_30_237Z-
10 verbose logfile /Users/mazhihui/Desktop/yishitong/.npm_cache/_logs/2026-01-21T05_44_30_237Z-debug-0.log
11 silly logfile done cleaning log files
12 silly packumentCache heap:4496293888 maxSize:1124073472 maxEntrySize:562036736
13 silly idealTree buildDeps
14 silly fetch manifest clsx@^2.1.1
15 silly packumentCache full:https://registry.npmjs.org/clsx cache-miss
16 http fetch GET 200 https://registry.npmjs.org/clsx 665ms (cache miss)
17 silly packumentCache full:https://registry.npmjs.org/clsx set size:undefined disposed:false
18 silly fetch manifest lucide-react@^0.562.0
19 silly packumentCache full:https://registry.npmjs.org/lucide-react cache-miss
20 http fetch GET 200 https://registry.npmjs.org/lucide-react 408ms (cache miss)
21 silly packumentCache full:https://registry.npmjs.org/lucide-react set size:undefined disposed:false
22 silly fetch manifest react@19.2.3
23 silly packumentCache full:https://registry.npmjs.org/react cache-miss
24 http fetch GET 200 https://registry.npmjs.org/react 435ms (cache miss)
25 silly packumentCache full:https://registry.npmjs.org/react set size:undefined disposed:false
26 silly fetch manifest tailwind-merge@^3.4.0
27 silly packumentCache full:https://registry.npmjs.org/tailwind-merge cache-miss
28 http fetch GET 200 https://registry.npmjs.org/tailwind-merge 184ms (cache miss)
29 silly packumentCache full:https://registry.npmjs.org/tailwind-merge set size:undefined disposed:false
30 silly fetch manifest class-variance-authority@*
31 silly packumentCache full:https://registry.npmjs.org/class-variance-authority cache-miss
32 http fetch GET 200 https://registry.npmjs.org/class-variance-authority 159ms (cache miss)
33 silly packumentCache full:https://registry.npmjs.org/class-variance-authority set size:undefined disposed:false
34 silly placeDep ROOT class-variance-authority@0.7.1 OK for: temp_app@0.1.0 want: *
35 silly placeDep ROOT clsx@2.1.1 REPLACE for: temp_app@0.1.0 want: ^2.1.1
36 silly placeDep ROOT lucide-react@0.562.0 REPLACE for: temp_app@0.1.0 want: ^0.562.0
37 silly placeDep ROOT tailwind-merge@3.4.0 REPLACE for: temp_app@0.1.0 want: ^3.4.0
38 silly reify moves {}
39 silly audit bulk request {
39 silly audit   '@ai-sdk/gateway': [ '3.0.17' ],
39 silly audit   '@ai-sdk/provider': [ '3.0.4' ],
39 silly audit   '@ai-sdk/provider-utils': [ '4.0.8' ],
39 silly audit   '@alloc/quick-lru': [ '5.2.0' ],
39 silly audit   '@babel/code-frame': [ '7.28.6' ],
39 silly audit   '@babel/compat-data': [ '7.28.6' ],
39 silly audit   '@babel/core': [ '7.28.6' ],
39 silly audit   '@babel/generator': [ '7.28.6' ],
39 silly audit   '@babel/helper-compilation-targets': [ '7.28.6' ],
39 silly audit   '@babel/helper-globals': [ '7.28.0' ],
39 silly audit   '@babel/helper-module-imports': [ '7.28.6' ],
39 silly audit   '@babel/helper-module-transforms': [ '7.28.6' ],
39 silly audit   '@babel/helper-string-parser': [ '7.27.1' ],
39 silly audit   '@babel/helper-validator-identifier': [ '7.28.5' ],
39 silly audit   '@babel/helper-validator-option': [ '7.27.1' ],
39 silly audit   '@babel/helpers': [ '7.28.6' ],
39 silly audit   '@babel/parser': [ '7.28.6' ],
39 silly audit   '@babel/template': [ '7.28.6' ],
39 silly audit   '@babel/traverse': [ '7.28.6' ],
39 silly audit   '@babel/types': [ '7.28.6' ],
39 silly audit   '@chevrotain/cst-dts-gen': [ '10.5.0' ],
39 silly audit   '@chevrotain/gast': [ '10.5.0' ],
39 silly audit   '@chevrotain/types': [ '10.5.0' ],
39 silly audit   '@chevrotain/utils': [ '10.5.0' ],
39 silly audit   '@electric-sql/pglite': [ '0.3.2' ],
39 silly audit   '@electric-sql/pglite-socket': [ '0.0.6' ],
39 silly audit   '@electric-sql/pglite-tools': [ '0.2.7' ],
39 silly audit   '@emnapi/core': [ '1.8.1' ],
39 silly audit   '@emnapi/runtime': [ '1.8.1' ],
39 silly audit   '@emnapi/wasi-threads': [ '1.1.0' ],
39 silly audit   '@eslint-community/eslint-utils': [ '4.9.1' ],
39 silly audit   'eslint-visitor-keys': [ '3.4.3', '4.2.1' ],
39 silly audit   '@eslint-community/regexpp': [ '4.12.2' ],
39 silly audit   '@eslint/config-array': [ '0.21.1' ],
39 silly audit   '@eslint/config-helpers': [ '0.4.2' ],
39 silly audit   '@eslint/core': [ '0.17.0' ],
39 silly audit   '@eslint/eslintrc': [ '3.3.3' ],
39 silly audit   '@eslint/js': [ '9.39.2' ],
39 silly audit   '@eslint/object-schema': [ '2.1.7' ],
39 silly audit   '@eslint/plugin-kit': [ '0.4.1' ],
39 silly audit   '@google/generative-ai': [ '0.24.1' ],
39 silly audit   '@hono/node-server': [ '1.19.6' ],
39 silly audit   '@humanfs/core': [ '0.19.1' ],
39 silly audit   '@humanfs/node': [ '0.16.7' ],
39 silly audit   '@humanwhocodes/module-importer': [ '1.0.1' ],
39 silly audit   '@humanwhocodes/retry': [ '0.4.3' ],
39 silly audit   '@img/colour': [ '1.0.0' ],
39 silly audit   '@img/sharp-darwin-arm64': [ '0.34.5' ],
39 silly audit   '@img/sharp-darwin-x64': [ '0.34.5' ],
39 silly audit   '@img/sharp-libvips-darwin-arm64': [ '1.2.4' ],
39 silly audit   '@img/sharp-libvips-darwin-x64': [ '1.2.4' ],
39 silly audit   '@img/sharp-libvips-linux-arm': [ '1.2.4' ],
39 silly audit   '@img/sharp-libvips-linux-arm64': [ '1.2.4' ],
39 silly audit   '@img/sharp-libvips-linux-ppc64': [ '1.2.4' ],
39 silly audit   '@img/sharp-libvips-linux-riscv64': [ '1.2.4' ],
39 silly audit   '@img/sharp-libvips-linux-s390x': [ '1.2.4' ],
39 silly audit   '@img/sharp-libvips-linux-x64': [ '1.2.4' ],
39 silly audit   '@img/sharp-libvips-linuxmusl-arm64': [ '1.2.4' ],
39 silly audit   '@img/sharp-libvips-linuxmusl-x64': [ '1.2.4' ],
39 silly audit   '@img/sharp-linux-arm': [ '0.34.5' ],
39 silly audit   '@img/sharp-linux-arm64': [ '0.34.5' ],
39 silly audit   '@img/sharp-linux-ppc64': [ '0.34.5' ],
39 silly audit   '@img/sharp-linux-riscv64': [ '0.34.5' ],
39 silly audit   '@img/sharp-linux-s390x': [ '0.34.5' ],
39 silly audit   '@img/sharp-linux-x64': [ '0.34.5' ],
39 silly audit   '@img/sharp-linuxmusl-arm64': [ '0.34.5' ],
39 silly audit   '@img/sharp-linuxmusl-x64': [ '0.34.5' ],
39 silly audit   '@img/sharp-wasm32': [ '0.34.5' ],
39 silly audit   '@img/sharp-win32-arm64': [ '0.34.5' ],
39 silly audit   '@img/sharp-win32-ia32': [ '0.34.5' ],
39 silly audit   '@img/sharp-win32-x64': [ '0.34.5' ],
39 silly audit   '@jridgewell/gen-mapping': [ '0.3.13' ],
39 silly audit   '@jridgewell/remapping': [ '2.3.5' ],
39 silly audit   '@jridgewell/resolve-uri': [ '3.1.2' ],
39 silly audit   '@jridgewell/sourcemap-codec': [ '1.5.5' ],
39 silly audit   '@jridgewell/trace-mapping': [ '0.3.31' ],
39 silly audit   '@mrleebo/prisma-ast': [ '0.12.1' ],
39 silly audit   '@napi-rs/wasm-runtime': [ '0.2.12' ],
39 silly audit   '@next/env': [ '16.1.4' ],
39 silly audit   '@next/eslint-plugin-next': [ '16.1.4' ],
39 silly audit   '@next/swc-darwin-arm64': [ '16.1.4' ],
39 silly audit   '@next/swc-darwin-x64': [ '16.1.4' ],
39 silly audit   '@next/swc-linux-arm64-gnu': [ '16.1.4' ],
39 silly audit   '@next/swc-linux-arm64-musl': [ '16.1.4' ],
39 silly audit   '@next/swc-linux-x64-gnu': [ '16.1.4' ],
39 silly audit   '@next/swc-linux-x64-musl': [ '16.1.4' ],
39 silly audit   '@next/swc-win32-arm64-msvc': [ '16.1.4' ],
39 silly audit   '@next/swc-win32-x64-msvc': [ '16.1.4' ],
39 silly audit   '@nodelib/fs.scandir': [ '2.1.5' ],
39 silly audit   '@nodelib/fs.stat': [ '2.0.5' ],
39 silly audit   '@nodelib/fs.walk': [ '1.2.8' ],
39 silly audit   '@nolyfill/is-core-module': [ '1.0.39' ],
39 silly audit   '@opentelemetry/api': [ '1.9.0' ],
39 silly audit   '@prisma/client': [ '7.2.0' ],
39 silly audit   '@prisma/client-runtime-utils': [ '7.2.0' ],
39 silly audit   '@prisma/config': [ '7.2.0' ],
39 silly audit   '@prisma/debug': [ '7.2.0', '6.8.2' ],
39 silly audit   '@prisma/dev': [ '0.17.0' ],
39 silly audit   '@prisma/engines': [ '7.2.0' ],
39 silly audit   '@prisma/engines-version': [ '7.2.0-4.0c8ef2ce45c83248ab3df073180d5eda9e8be7a3' ],
39 silly audit   '@prisma/get-platform': [ '7.2.0', '6.8.2' ],
39 silly audit   '@prisma/fetch-engine': [ '7.2.0' ],
39 silly audit   '@prisma/query-plan-executor': [ '6.18.0' ],
39 silly audit   '@prisma/studio-core': [ '0.9.0' ],
39 silly audit   '@rtsao/scc': [ '1.1.0' ],
39 silly audit   '@standard-schema/spec': [ '1.1.0' ],
39 silly audit   '@swc/helpers': [ '0.5.15' ],
39 silly audit   '@tailwindcss/node': [ '4.1.18' ],
39 silly audit   '@tailwindcss/oxide': [ '4.1.18' ],
39 silly audit   '@tailwindcss/oxide-android-arm64': [ '4.1.18' ],
39 silly audit   '@tailwindcss/oxide-darwin-arm64': [ '4.1.18' ],
39 silly audit   '@tailwindcss/oxide-darwin-x64': [ '4.1.18' ],
39 silly audit   '@tailwindcss/oxide-freebsd-x64': [ '4.1.18' ],
39 silly audit   '@tailwindcss/oxide-linux-arm-gnueabihf': [ '4.1.18' ],
39 silly audit   '@tailwindcss/oxide-linux-arm64-gnu': [ '4.1.18' ],
39 silly audit   '@tailwindcss/oxide-linux-arm64-musl': [ '4.1.18' ],
39 silly audit   '@tailwindcss/oxide-linux-x64-gnu': [ '4.1.18' ],
39 silly audit   '@tailwindcss/oxide-linux-x64-musl': [ '4.1.18' ],
39 silly audit   '@tailwindcss/oxide-wasm32-wasi': [ '4.1.18' ],
39 silly audit   '@tailwindcss/oxide-win32-arm64-msvc': [ '4.1.18' ],
39 silly audit   '@tailwindcss/oxide-win32-x64-msvc': [ '4.1.18' ],
39 silly audit   '@tailwindcss/postcss': [ '4.1.18' ],
39 silly audit   '@tybys/wasm-util': [ '0.10.1' ],
39 silly audit   '@types/estree': [ '1.0.8' ],
39 silly audit   '@types/json-schema': [ '7.0.15' ],
39 silly audit   '@types/json5': [ '0.0.29' ],
39 silly audit   '@types/node': [ '20.19.30' ],
39 silly audit   '@types/react': [ '19.2.9' ],
39 silly audit   '@types/react-dom': [ '19.2.3' ],
39 silly audit   '@typescript-eslint/eslint-plugin': [ '8.53.1' ],
39 silly audit   ignore: [ '7.0.5', '5.3.2' ],
39 silly audit   '@typescript-eslint/parser': [ '8.53.1' ],
39 silly audit   '@typescript-eslint/project-service': [ '8.53.1' ],
39 silly audit   '@typescript-eslint/scope-manager': [ '8.53.1' ],
39 silly audit   '@typescript-eslint/tsconfig-utils': [ '8.53.1' ],
39 silly audit   '@typescript-eslint/type-utils': [ '8.53.1' ],
39 silly audit   '@typescript-eslint/types': [ '8.53.1' ],
39 silly audit   '@typescript-eslint/typescript-estree': [ '8.53.1' ],
39 silly audit   'brace-expansion': [ '2.0.2', '1.1.12' ],
39 silly audit   minimatch: [ '9.0.5', '3.1.2' ],
39 silly audit   semver: [ '7.7.3', '6.3.1' ],
39 silly audit   '@typescript-eslint/utils': [ '8.53.1' ],
39 silly audit   '@typescript-eslint/visitor-keys': [ '8.53.1' ],
39 silly audit   '@unrs/resolver-binding-android-arm-eabi': [ '1.11.1' ],
39 silly audit   '@unrs/resolver-binding-android-arm64': [ '1.11.1' ],
39 silly audit   '@unrs/resolver-binding-darwin-arm64': [ '1.11.1' ],
39 silly audit   '@unrs/resolver-binding-darwin-x64': [ '1.11.1' ],
39 silly audit   '@unrs/resolver-binding-freebsd-x64': [ '1.11.1' ],
39 silly audit   '@unrs/resolver-binding-linux-arm-gnueabihf': [ '1.11.1' ],
39 silly audit   '@unrs/resolver-binding-linux-arm-musleabihf': [ '1.11.1' ],
39 silly audit   '@unrs/resolver-binding-linux-arm64-gnu': [ '1.11.1' ],
39 silly audit   '@unrs/resolver-binding-linux-arm64-musl': [ '1.11.1' ],
39 silly audit   '@unrs/resolver-binding-linux-ppc64-gnu': [ '1.11.1' ],
39 silly audit   '@unrs/resolver-binding-linux-riscv64-gnu': [ '1.11.1' ],
39 silly audit   '@unrs/resolver-binding-linux-riscv64-musl': [ '1.11.1' ],
39 silly audit   '@unrs/resolver-binding-linux-s390x-gnu': [ '1.11.1' ],
39 silly audit   '@unrs/resolver-binding-linux-x64-gnu': [ '1.11.1' ],
39 silly audit   '@unrs/resolver-binding-linux-x64-musl': [ '1.11.1' ],
39 silly audit   '@unrs/resolver-binding-wasm32-wasi': [ '1.11.1' ],
39 silly audit   '@unrs/resolver-binding-win32-arm64-msvc': [ '1.11.1' ],
39 silly audit   '@unrs/resolver-binding-win32-ia32-msvc': [ '1.11.1' ],
39 silly audit   '@unrs/resolver-binding-win32-x64-msvc': [ '1.11.1' ],
39 silly audit   '@vercel/oidc': [ '3.1.0' ],
39 silly audit   acorn: [ '8.15.0' ],
39 silly audit   'acorn-jsx': [ '5.3.2' ],
39 silly audit   ai: [ '6.0.42' ],
39 silly audit   ajv: [ '6.12.6' ],
39 silly audit   'ansi-styles': [ '4.3.0' ],
39 silly audit   argparse: [ '2.0.1' ],
39 silly audit   'aria-query': [ '5.3.2' ],
39 silly audit   'array-buffer-byte-length': [ '1.0.2' ],
39 silly audit   'array-includes': [ '3.1.9' ],
39 silly audit   'array.prototype.findlast': [ '1.2.5' ],
39 silly audit   'array.prototype.findlastindex': [ '1.2.6' ],
39 silly audit   'array.prototype.flat': [ '1.3.3' ],
39 silly audit   'array.prototype.flatmap': [ '1.3.3' ],
39 silly audit   'array.prototype.tosorted': [ '1.1.4' ],
39 silly audit   'arraybuffer.prototype.slice': [ '1.0.4' ],
39 silly audit   'ast-types-flow': [ '0.0.8' ],
39 silly audit   'async-function': [ '1.0.0' ],
39 silly audit   'available-typed-arrays': [ '1.0.7' ],
39 silly audit   'aws-ssl-profiles': [ '1.1.2' ],
39 silly audit   'axe-core': [ '4.11.1' ],
39 silly audit   'axobject-query': [ '4.1.0' ],
39 silly audit   'balanced-match': [ '1.0.2' ],
39 silly audit   'baseline-browser-mapping': [ '2.9.16' ],
39 silly audit   braces: [ '3.0.3' ],
39 silly audit   browserslist: [ '4.28.1' ],
39 silly audit   c12: [ '3.1.0' ],
39 silly audit   'call-bind': [ '1.0.8' ],
39 silly audit   'call-bind-apply-helpers': [ '1.0.2' ],
39 silly audit   'call-bound': [ '1.0.4' ],
39 silly audit   callsites: [ '3.1.0' ],
39 silly audit   'caniuse-lite': [ '1.0.30001765' ],
39 silly audit   chalk: [ '4.1.2' ],
39 silly audit   chevrotain: [ '10.5.0' ],
39 silly audit   chokidar: [ '4.0.3' ],
39 silly audit   citty: [ '0.1.6', '0.2.0' ],
39 silly audit   'client-only': [ '0.0.1' ],
39 silly audit   'color-convert': [ '2.0.1' ],
39 silly audit   'color-name': [ '1.1.4' ],
39 silly audit   'concat-map': [ '0.0.1' ],
39 silly audit   confbox: [ '0.2.2' ],
39 silly audit   consola: [ '3.4.2' ],
39 silly audit   'convert-source-map': [ '2.0.0' ],
39 silly audit   'cross-spawn': [ '7.0.6' ],
39 silly audit   csstype: [ '3.2.3' ],
39 silly audit   'damerau-levenshtein': [ '1.0.8' ],
39 silly audit   'data-view-buffer': [ '1.0.2' ],
39 silly audit   'data-view-byte-length': [ '1.0.2' ],
39 silly audit   'data-view-byte-offset': [ '1.0.1' ],
39 silly audit   debug: [ '4.4.3', '3.2.7' ],
39 silly audit   'deep-is': [ '0.1.4' ],
39 silly audit   'deepmerge-ts': [ '7.1.5' ],
39 silly audit   'define-data-property': [ '1.1.4' ],
39 silly audit   'define-properties': [ '1.2.1' ],
39 silly audit   defu: [ '6.1.4' ],
39 silly audit   denque: [ '2.1.0' ],
39 silly audit   destr: [ '2.0.5' ],
39 silly audit   'detect-libc': [ '2.1.2' ],
39 silly audit   doctrine: [ '2.1.0' ],
39 silly audit   dotenv: [ '16.6.1' ],
39 silly audit   'dunder-proto': [ '1.0.1' ],
39 silly audit   effect: [ '3.18.4' ],
39 silly audit   'electron-to-chromium': [ '1.5.267' ],
39 silly audit   'emoji-regex': [ '9.2.2' ],
39 silly audit   empathic: [ '2.0.0' ],
39 silly audit   'enhanced-resolve': [ '5.18.4' ],
39 silly audit   'es-abstract': [ '1.24.1' ],
39 silly audit   'es-define-property': [ '1.0.1' ],
39 silly audit   'es-errors': [ '1.3.0' ],
39 silly audit   'es-iterator-helpers': [ '1.2.2' ],
39 silly audit   'es-object-atoms': [ '1.1.1' ],
39 silly audit   'es-set-tostringtag': [ '2.1.0' ],
39 silly audit   'es-shim-unscopables': [ '1.1.0' ],
39 silly audit   'es-to-primitive': [ '1.3.0' ],
39 silly audit   escalade: [ '3.2.0' ],
39 silly audit   'escape-string-regexp': [ '4.0.0' ],
39 silly audit   eslint: [ '9.39.2' ],
39 silly audit   'eslint-config-next': [ '16.1.4' ],
39 silly audit   globals: [ '16.4.0', '14.0.0' ],
39 silly audit   'eslint-import-resolver-node': [ '0.3.9' ],
39 silly audit   'eslint-import-resolver-typescript': [ '3.10.1' ],
39 silly audit   'eslint-module-utils': [ '2.12.1' ],
39 silly audit   'eslint-plugin-import': [ '2.32.0' ],
39 silly audit   'eslint-plugin-jsx-a11y': [ '6.10.2' ],
39 silly audit   'eslint-plugin-react': [ '7.37.5' ],
39 silly audit   'eslint-plugin-react-hooks': [ '7.0.1' ],
39 silly audit   resolve: [ '2.0.0-next.5', '1.22.11' ],
39 silly audit   'eslint-scope': [ '8.4.0' ],
39 silly audit   espree: [ '10.4.0' ],
39 silly audit   esquery: [ '1.7.0' ],
39 silly audit   esrecurse: [ '4.3.0' ],
39 silly audit   estraverse: [ '5.3.0' ],
39 silly audit   esutils: [ '2.0.3' ],
39 silly audit   'eventsource-parser': [ '3.0.6' ],
39 silly audit   exsolve: [ '1.0.8' ],
39 silly audit   'fast-check': [ '3.23.2' ],
39 silly audit   'fast-deep-equal': [ '3.1.3' ],
39 silly audit   'fast-glob': [ '3.3.1' ],
39 silly audit   'glob-parent': [ '5.1.2', '6.0.2' ],
39 silly audit   'fast-json-stable-stringify': [ '2.1.0' ],
39 silly audit   'fast-levenshtein': [ '2.0.6' ],
39 silly audit   fastq: [ '1.20.1' ],
39 silly audit   'file-entry-cache': [ '8.0.0' ],
39 silly audit   'fill-range': [ '7.1.1' ],
39 silly audit   'find-up': [ '5.0.0' ],
39 silly audit   'flat-cache': [ '4.0.1' ],
39 silly audit   flatted: [ '3.3.3' ],
39 silly audit   'for-each': [ '0.3.5' ],
39 silly audit   'foreground-child': [ '3.3.1' ],
39 silly audit   'framer-motion': [ '12.27.5' ],
39 silly audit   'function-bind': [ '1.1.2' ],
39 silly audit   'function.prototype.name': [ '1.1.8' ],
39 silly audit   'functions-have-names': [ '1.2.3' ],
39 silly audit   'generate-function': [ '2.3.1' ],
39 silly audit   'generator-function': [ '2.0.1' ],
39 silly audit   gensync: [ '1.0.0-beta.2' ],
39 silly audit   'get-intrinsic': [ '1.3.0' ],
39 silly audit   'get-port-please': [ '3.1.2' ],
39 silly audit   'get-proto': [ '1.0.1' ],
39 silly audit   'get-symbol-description': [ '1.1.0' ],
39 silly audit   'get-tsconfig': [ '4.13.0' ],
39 silly audit   giget: [ '2.0.0' ],
39 silly audit   globalthis: [ '1.0.4' ],
39 silly audit   gopd: [ '1.2.0' ],
39 silly audit   'graceful-fs': [ '4.2.11' ],
39 silly audit   grammex: [ '3.1.12' ],
39 silly audit   'has-bigints': [ '1.1.0' ],
39 silly audit   'has-flag': [ '4.0.0' ],
39 silly audit   'has-property-descriptors': [ '1.0.2' ],
39 silly audit   'has-proto': [ '1.2.0' ],
39 silly audit   'has-symbols': [ '1.1.0' ],
39 silly audit   'has-tostringtag': [ '1.0.2' ],
39 silly audit   hasown: [ '2.0.2' ],
39 silly audit   'hermes-estree': [ '0.25.1' ],
39 silly audit   'hermes-parser': [ '0.25.1' ],
39 silly audit   hono: [ '4.10.6' ],
39 silly audit   'http-status-codes': [ '2.3.0' ],
39 silly audit   'iconv-lite': [ '0.7.2' ],
39 silly audit   'import-fresh': [ '3.3.1' ],
39 silly audit   imurmurhash: [ '0.1.4' ],
39 silly audit   'internal-slot': [ '1.1.0' ],
39 silly audit   'is-array-buffer': [ '3.0.5' ],
39 silly audit   'is-async-function': [ '2.1.1' ],
39 silly audit   'is-bigint': [ '1.1.0' ],
39 silly audit   'is-boolean-object': [ '1.2.2' ],
39 silly audit   'is-bun-module': [ '2.0.0' ],
39 silly audit   'is-callable': [ '1.2.7' ],
39 silly audit   'is-core-module': [ '2.16.1' ],
39 silly audit   'is-data-view': [ '1.0.2' ],
39 silly audit   'is-date-object': [ '1.1.0' ],
39 silly audit   'is-extglob': [ '2.1.1' ],
39 silly audit   'is-finalizationregistry': [ '1.1.1' ],
39 silly audit   'is-generator-function': [ '1.1.2' ],
39 silly audit   'is-glob': [ '4.0.3' ],
39 silly audit   'is-map': [ '2.0.3' ],
39 silly audit   'is-negative-zero': [ '2.0.3' ],
39 silly audit   'is-number': [ '7.0.0' ],
39 silly audit   'is-number-object': [ '1.1.1' ],
39 silly audit   'is-property': [ '1.0.2' ],
39 silly audit   'is-regex': [ '1.2.1' ],
39 silly audit   'is-set': [ '2.0.3' ],
39 silly audit   'is-shared-array-buffer': [ '1.0.4' ],
39 silly audit   'is-string': [ '1.1.1' ],
39 silly audit   'is-symbol': [ '1.1.1' ],
39 silly audit   'is-typed-array': [ '1.1.15' ],
39 silly audit   'is-weakmap': [ '2.0.2' ],
39 silly audit   'is-weakref': [ '1.1.1' ],
39 silly audit   'is-weakset': [ '2.0.4' ],
39 silly audit   isarray: [ '2.0.5' ],
39 silly audit   isexe: [ '2.0.0' ],
39 silly audit   'iterator.prototype': [ '1.1.5' ],
39 silly audit   jiti: [ '2.6.1' ],
39 silly audit   'js-tokens': [ '4.0.0' ],
39 silly audit   'js-yaml': [ '4.1.1' ],
39 silly audit   jsesc: [ '3.1.0' ],
39 silly audit   'json-buffer': [ '3.0.1' ],
39 silly audit   'json-schema': [ '0.4.0' ],
39 silly audit   'json-schema-traverse': [ '0.4.1' ],
39 silly audit   'json-stable-stringify-without-jsonify': [ '1.0.1' ],
39 silly audit   json5: [ '2.2.3', '1.0.2' ],
39 silly audit   'jsx-ast-utils': [ '3.3.5' ],
39 silly audit   keyv: [ '4.5.4' ],
39 silly audit   'language-subtag-registry': [ '0.3.23' ],
39 silly audit   'language-tags': [ '1.0.9' ],
39 silly audit   levn: [ '0.4.1' ],
39 silly audit   lightningcss: [ '1.30.2' ],
39 silly audit   'lightningcss-android-arm64': [ '1.30.2' ],
39 silly audit   'lightningcss-darwin-arm64': [ '1.30.2' ],
39 silly audit   'lightningcss-darwin-x64': [ '1.30.2' ],
39 silly audit   'lightningcss-freebsd-x64': [ '1.30.2' ],
39 silly audit   'lightningcss-linux-arm-gnueabihf': [ '1.30.2' ],
39 silly audit   'lightningcss-linux-arm64-gnu': [ '1.30.2' ],
39 silly audit   'lightningcss-linux-arm64-musl': [ '1.30.2' ],
39 silly audit   'lightningcss-linux-x64-gnu': [ '1.30.2' ],
39 silly audit   'lightningcss-linux-x64-musl': [ '1.30.2' ],
39 silly audit   'lightningcss-win32-arm64-msvc': [ '1.30.2' ],
39 silly audit   'lightningcss-win32-x64-msvc': [ '1.30.2' ],
39 silly audit   lilconfig: [ '2.1.0' ],
39 silly audit   'locate-path': [ '6.0.0' ],
39 silly audit   lodash: [ '4.17.21' ],
39 silly audit   'lodash.merge': [ '4.6.2' ],
39 silly audit   long: [ '5.3.2' ],
39 silly audit   'loose-envify': [ '1.4.0' ],
39 silly audit   'lru-cache': [ '5.1.1' ],
39 silly audit   'lru.min': [ '1.1.3' ],
39 silly audit   'magic-string': [ '0.30.21' ],
39 silly audit   'math-intrinsics': [ '1.1.0' ],
39 silly audit   merge2: [ '1.4.1' ],
39 silly audit   micromatch: [ '4.0.8' ],
39 silly audit   minimist: [ '1.2.8' ],
39 silly audit   'motion-dom': [ '12.27.5' ],
39 silly audit   'motion-utils': [ '12.27.2' ],
39 silly audit   ms: [ '2.1.3' ],
39 silly audit   mysql2: [ '3.15.3' ],
39 silly audit   'named-placeholders': [ '1.1.6' ],
39 silly audit   nanoid: [ '3.3.11' ],
39 silly audit   'napi-postinstall': [ '0.3.4' ],
39 silly audit   'natural-compare': [ '1.4.0' ],
39 silly audit   next: [ '16.1.4' ],
39 silly audit   postcss: [ '8.4.31', '8.5.6' ],
39 silly audit   'node-fetch-native': [ '1.6.7' ],
39 silly audit   'node-releases': [ '2.0.27' ],
39 silly audit   nypm: [ '0.6.4' ],
39 silly audit   'object-assign': [ '4.1.1' ],
39 silly audit   'object-inspect': [ '1.13.4' ],
39 silly audit   'object-keys': [ '1.1.1' ],
39 silly audit   'object.assign': [ '4.1.7' ],
39 silly audit   'object.entries': [ '1.1.9' ],
39 silly audit   'object.fromentries': [ '2.0.8' ],
39 silly audit   'object.groupby': [ '1.0.3' ],
39 silly audit   'object.values': [ '1.2.1' ],
39 silly audit   ohash: [ '2.0.11' ],
39 silly audit   optionator: [ '0.9.4' ],
39 silly audit   'own-keys': [ '1.0.1' ],
39 silly audit   'p-limit': [ '3.1.0' ],
39 silly audit   'p-locate': [ '5.0.0' ],
39 silly audit   'parent-module': [ '1.0.1' ],
39 silly audit   'path-exists': [ '4.0.0' ],
39 silly audit   'path-key': [ '3.1.1' ],
39 silly audit   'path-parse': [ '1.0.7' ],
39 silly audit   pathe: [ '2.0.3' ],
39 silly audit   'perfect-debounce': [ '1.0.0' ],
39 silly audit   picocolors: [ '1.1.1' ],
39 silly audit   picomatch: [ '2.3.1', '4.0.3' ],
39 silly audit   'pkg-types': [ '2.3.0' ],
39 silly audit   'possible-typed-array-names': [ '1.1.0' ],
39 silly audit   postgres: [ '3.4.7' ],
39 silly audit   'prelude-ls': [ '1.2.1' ],
39 silly audit   prisma: [ '7.2.0' ],
39 silly audit   'prop-types': [ '15.8.1' ],
39 silly audit   'proper-lockfile': [ '4.1.2' ],
39 silly audit   'signal-exit': [ '3.0.7', '4.1.0' ],
39 silly audit   punycode: [ '2.3.1' ],
39 silly audit   'pure-rand': [ '6.1.0' ],
39 silly audit   'queue-microtask': [ '1.2.3' ],
39 silly audit   rc9: [ '2.1.2' ],
39 silly audit   react: [ '19.2.3' ],
39 silly audit   'react-dom': [ '19.2.3' ],
39 silly audit   'react-is': [ '16.13.1' ],
39 silly audit   readdirp: [ '4.1.2' ],
39 silly audit   'reflect.getprototypeof': [ '1.0.10' ],
39 silly audit   'regexp-to-ast': [ '0.5.0' ],
39 silly audit   'regexp.prototype.flags': [ '1.5.4' ],
39 silly audit   remeda: [ '2.21.3' ],
39 silly audit   'resolve-from': [ '4.0.0' ],
39 silly audit   'resolve-pkg-maps': [ '1.0.0' ],
39 silly audit   retry: [ '0.12.0' ],
39 silly audit   reusify: [ '1.1.0' ],
39 silly audit   'run-parallel': [ '1.2.0' ],
39 silly audit   'safe-array-concat': [ '1.1.3' ],
39 silly audit   'safe-push-apply': [ '1.0.0' ],
39 silly audit   'safe-regex-test': [ '1.1.0' ],
39 silly audit   'safer-buffer': [ '2.1.2' ],
39 silly audit   scheduler: [ '0.27.0' ],
39 silly audit   'seq-queue': [ '0.0.5' ],
39 silly audit   'set-function-length': [ '1.2.2' ],
39 silly audit   'set-function-name': [ '2.0.2' ],
39 silly audit   'set-proto': [ '1.0.0' ],
39 silly audit   sharp: [ '0.34.5' ],
39 silly audit   'shebang-command': [ '2.0.0' ],
39 silly audit   'shebang-regex': [ '3.0.0' ],
39 silly audit   'side-channel': [ '1.1.0' ],
39 silly audit   'side-channel-list': [ '1.0.0' ],
39 silly audit   'side-channel-map': [ '1.0.1' ],
39 silly audit   'side-channel-weakmap': [ '1.0.2' ],
39 silly audit   'source-map-js': [ '1.2.1' ],
39 silly audit   sqlstring: [ '2.3.3' ],
39 silly audit   'stable-hash': [ '0.0.5' ],
39 silly audit   'std-env': [ '3.9.0' ],
39 silly audit   'stop-iteration-iterator': [ '1.1.0' ],
39 silly audit   'string.prototype.includes': [ '2.0.1' ],
39 silly audit   'string.prototype.matchall': [ '4.0.12' ],
39 silly audit   'string.prototype.repeat': [ '1.0.0' ],
39 silly audit   'string.prototype.trim': [ '1.2.10' ],
39 silly audit   'string.prototype.trimend': [ '1.0.9' ],
39 silly audit   'string.prototype.trimstart': [ '1.0.8' ],
39 silly audit   'strip-bom': [ '3.0.0' ],
39 silly audit   'strip-json-comments': [ '3.1.1' ],
39 silly audit   'styled-jsx': [ '5.1.6' ],
39 silly audit   'supports-color': [ '7.2.0' ],
39 silly audit   'supports-preserve-symlinks-flag': [ '1.0.0' ],
39 silly audit   tailwindcss: [ '4.1.18' ],
39 silly audit   tapable: [ '2.3.0' ],
39 silly audit   tinyexec: [ '1.0.2' ],
39 silly audit   tinyglobby: [ '0.2.15' ],
39 silly audit   fdir: [ '6.5.0' ],
39 silly audit   'to-regex-range': [ '5.0.1' ],
39 silly audit   'ts-api-utils': [ '2.4.0' ],
39 silly audit   'tsconfig-paths': [ '3.15.0' ],
39 silly audit   tslib: [ '2.8.1' ],
39 silly audit   'type-check': [ '0.4.0' ],
39 silly audit   'type-fest': [ '4.41.0' ],
39 silly audit   'typed-array-buffer': [ '1.0.3' ],
39 silly audit   'typed-array-byte-length': [ '1.0.3' ],
39 silly audit   'typed-array-byte-offset': [ '1.0.4' ],
39 silly audit   'typed-array-length': [ '1.0.7' ],
39 silly audit   typescript: [ '5.9.3' ],
39 silly audit   'typescript-eslint': [ '8.53.1' ],
39 silly audit   'unbox-primitive': [ '1.1.0' ],
39 silly audit   'undici-types': [ '6.21.0' ],
39 silly audit   'unrs-resolver': [ '1.11.1' ],
39 silly audit   'update-browserslist-db': [ '1.2.3' ],
39 silly audit   'uri-js': [ '4.4.1' ],
39 silly audit   valibot: [ '1.2.0' ],
39 silly audit   which: [ '2.0.2' ],
39 silly audit   'which-boxed-primitive': [ '1.1.1' ],
39 silly audit   'which-builtin-type': [ '1.2.1' ],
39 silly audit   'which-collection': [ '1.0.2' ],
39 silly audit   'which-typed-array': [ '1.1.20' ],
39 silly audit   'word-wrap': [ '1.2.5' ],
39 silly audit   yallist: [ '3.1.1' ],
39 silly audit   'yocto-queue': [ '0.1.0' ],
39 silly audit   zeptomatch: [ '2.0.2' ],
39 silly audit   zod: [ '4.3.5' ],
39 silly audit   'zod-validation-error': [ '4.0.2' ],
39 silly audit   'class-variance-authority': [ '0.7.1' ],
39 silly audit   clsx: [ '2.1.1' ],
39 silly audit   'lucide-react': [ '0.562.0' ],
39 silly audit   'tailwind-merge': [ '3.4.0' ]
39 silly audit }
40 http cache class-variance-authority@https://registry.npmjs.org/class-variance-authority/-/class-variance-authority-0.7.1.tgz 0ms (cache hit)
41 silly tarball no local data for class-variance-authority@https://registry.npmjs.org/class-variance-authority/-/class-variance-authority-0.7.1.tgz. Extracting by manifest.
42 http fetch POST 200 https://registry.npmjs.org/-/npm/v1/security/advisories/bulk 281ms
43 silly audit report {
43 silly audit report   hono: [
43 silly audit report     {
43 silly audit report       id: 1112134,
43 silly audit report       url: 'https://github.com/advisories/GHSA-3vhc-576x-3qv4',
43 silly audit report       title: 'Hono JWK Auth Middleware has JWT algorithm confusion when JWK lacks "alg" (untrusted header.alg fallback)',
43 silly audit report       severity: 'high',
43 silly audit report       vulnerable_versions: '<4.11.4',
43 silly audit report       cwe: [Array],
43 silly audit report       cvss: [Object]
43 silly audit report     },
43 silly audit report     {
43 silly audit report       id: 1112135,
43 silly audit report       url: 'https://github.com/advisories/GHSA-f67f-6cw9-8mq4',
43 silly audit report       title: "Hono JWT Middleware's JWT Algorithm Confusion via Unsafe Default (HS256) Allows Token Forgery and Auth Bypass",
43 silly audit report       severity: 'high',
43 silly audit report       vulnerable_versions: '<4.11.4',
43 silly audit report       cwe: [Array],
43 silly audit report       cvss: [Object]
43 silly audit report     }
43 silly audit report   ]
43 silly audit report }
44 silly packumentCache corgi:https://registry.npmjs.org/hono cache-miss
45 http fetch GET 200 https://registry.npmjs.org/hono 196ms (cache miss)
46 silly packumentCache corgi:https://registry.npmjs.org/hono set size:undefined disposed:false
47 silly packumentCache corgi:https://registry.npmjs.org/@hono%2fnode-server cache-miss
48 silly packumentCache corgi:https://registry.npmjs.org/@prisma%2fdev cache-miss
49 http fetch GET 200 https://registry.npmjs.org/class-variance-authority/-/class-variance-authority-0.7.1.tgz 640ms (cache miss)
50 http fetch GET 200 https://registry.npmjs.org/@prisma%2fdev 218ms (cache miss)
51 silly packumentCache corgi:https://registry.npmjs.org/@prisma%2fdev set size:undefined disposed:false
52 http fetch GET 200 https://registry.npmjs.org/@hono%2fnode-server 686ms (cache miss)
53 silly packumentCache corgi:https://registry.npmjs.org/@hono%2fnode-server set size:undefined disposed:false
54 silly packumentCache corgi:https://registry.npmjs.org/prisma cache-miss
55 http fetch GET 200 https://registry.npmjs.org/prisma 1162ms (cache miss)
56 silly packumentCache corgi:https://registry.npmjs.org/prisma set size:undefined disposed:false
57 silly packumentCache corgi:https://registry.npmjs.org/@prisma%2fclient cache-miss
58 http fetch GET 200 https://registry.npmjs.org/@prisma%2fclient 1138ms (cache miss)
59 silly packumentCache corgi:https://registry.npmjs.org/@prisma%2fclient set size:undefined disposed:false
60 silly ADD node_modules/class-variance-authority
61 verbose cwd /Users/mazhihui/Desktop/yishitong
62 verbose os Darwin 25.3.0
63 verbose node v24.12.0
64 verbose npm  v11.6.2
65 verbose exit 0
66 info ok
